
[1m[46m RUN [49m[22m [36mv4.0.18 [39m[90mC:/Users/luisd/Desktop/Proyectos/Mi-Carrerita/client[39m

 [31mÔØ»[39m src/shared/lib/graph.test.ts [2m([22m[2m5 tests[22m[2m | [22m[31m1 failed[39m[2m)[22m[32m 9[2mms[22m[39m
     [32mÔ£ô[39m buildEdges should correctly link dependencies[32m 2[2mms[22m[39m
     [32mÔ£ô[39m buildUnlockMap should count how many subjects each node unlocks[32m 0[2mms[22m[39m
     [32mÔ£ô[39m getSubjectsThatUnlockThesis should identify thesis prerequisites[32m 0[2mms[22m[39m
[31m     [31m├ù[31m getRecommendationsWithReasons should prioritize intermediate degree, thesis unlockers, and critical paths[39m[32m 6[2mms[22m[39m
     [32mÔ£ô[39m getRecommendationsWithReasons should filter out subjects with unapproved requirements[32m 0[2mms[22m[39m

[2m Test Files [22m [1m[31m1 failed[39m[22m[90m (1)[39m
[2m      Tests [22m [1m[31m1 failed[39m[22m[2m | [22m[1m[32m4 passed[39m[22m[90m (5)[39m
[2m   Start at [22m 22:28:55
[2m   Duration [22m 1.16s[2m (transform 65ms, setup 105ms, import 50ms, tests 9ms, environment 768ms)[22m

