node.exe : FAIL src/modul
es/trophy/services/trophy
.service.spec.ts
En línea: 1 Carácter: 1
+ & "C:\Program 
Files\nodejs/node.exe" "C
:\Users\luisd\AppData\Roa
ming\ ...
+ ~~~~~~~~~~~~~~~~~~~~~~~
~~~~~~~~~~~~~~~~~~~~~~~~~
~~~~~~~~~~~~~~~~~~~~~
    + CategoryInfo       
       : NotSpecified:   
  (FAIL src/module...s   
 ervice.spec.ts:Strin    
g) [], RemoteExcepti    
on
    + FullyQualifiedErro 
   rId : NativeCommandE  
  rror
 
  ÔùÅ TrophyService ÔÇ║ 
checkAndUnlockTrophies 
ÔÇ║ deber├¡a desbloquear 
el trofeo 
FIRST_SUBJECT_COMPLETED 
si se aprueba la primera 
materia

    TypeError: Cannot 
read properties of 
undefined (reading 'id')

    [0m [90m 414 
|[39m       
userId[33m,[39m
     [90m 415 |[39m    
   userEmail[33m,[39m
    [31m[1m>[22m[39m
[90m 416 |[39m       
totalSubjects[33m:[39m 
subjectStats[33m.[39m_c
ount[33m.[39mid[33m,[
39m
     [90m     |[39m    
                         
             
[31m[1m^[22m[39m
     [90m 417 |[39m    
   completedSubjects[33m
:[39m completedRecords[
33m.[39mlength[33m,[39
m
     [90m 418 |[39m    
   totalHours[33m:[39m 
subjectStats[33m.[39m_s
um[33m.[39mhours 
[33m?[39m[33m?[39m 
[35m0[39m[33m,[39m
     [90m 419 |[39m    
   completedHours[33m,[
39m[0m

      at TrophyService.bu
ildEvaluationContext (mod
ules/trophy/services/trop
hy.service.ts:416:42)
      at TrophyService.ch
eckAndUnlockTrophies (mod
ules/trophy/services/trop
hy.service.ts:90:21)
      at 
Object.<anonymous> (modul
es/trophy/services/trophy
.service.spec.ts:89:28)

  ÔùÅ TrophyService ÔÇ║ 
checkAndUnlockTrophies 
ÔÇ║ no deber├¡a 
re-desbloquear un trofeo 
ya desbloqueado

    TypeError: Cannot 
read properties of 
undefined (reading 'id')

    [0m [90m 414 
|[39m       
userId[33m,[39m
     [90m 415 |[39m    
   userEmail[33m,[39m
    [31m[1m>[22m[39m
[90m 416 |[39m       
totalSubjects[33m:[39m 
subjectStats[33m.[39m_c
ount[33m.[39mid[33m,[
39m
     [90m     |[39m    
                         
             
[31m[1m^[22m[39m
     [90m 417 |[39m    
   completedSubjects[33m
:[39m completedRecords[
33m.[39mlength[33m,[39
m
     [90m 418 |[39m    
   totalHours[33m:[39m 
subjectStats[33m.[39m_s
um[33m.[39mhours 
[33m?[39m[33m?[39m 
[35m0[39m[33m,[39m
     [90m 419 |[39m    
   completedHours[33m,[
39m[0m

      at TrophyService.bu
ildEvaluationContext (mod
ules/trophy/services/trop
hy.service.ts:416:42)
      at TrophyService.ch
eckAndUnlockTrophies (mod
ules/trophy/services/trop
hy.service.ts:90:21)
      at 
Object.<anonymous> (modul
es/trophy/services/trophy
.service.spec.ts:115:28)

  ÔùÅ TrophyService ÔÇ║ 
Efficiency and Resource 
Checks ÔÇ║ deber├¡a 
procesar grandes 
vol├║menes de materias 
(10.000 records 
ficticios) sin memory 
limit excedido e iterador

    TypeError: Cannot 
read properties of 
undefined (reading 'id')

    [0m [90m 414 
|[39m       
userId[33m,[39m
     [90m 415 |[39m    
   userEmail[33m,[39m
    [31m[1m>[22m[39m
[90m 416 |[39m       
totalSubjects[33m:[39m 
subjectStats[33m.[39m_c
ount[33m.[39mid[33m,[
39m
     [90m     |[39m    
                         
             
[31m[1m^[22m[39m
     [90m 417 |[39m    
   completedSubjects[33m
:[39m completedRecords[
33m.[39mlength[33m,[39
m
     [90m 418 |[39m    
   totalHours[33m:[39m 
subjectStats[33m.[39m_s
um[33m.[39mhours 
[33m?[39m[33m?[39m 
[35m0[39m[33m,[39m
     [90m 419 |[39m    
   completedHours[33m,[
39m[0m

      at TrophyService.bu
ildEvaluationContext (mod
ules/trophy/services/trop
hy.service.ts:416:42)
      at TrophyService.ch
eckAndUnlockTrophies (mod
ules/trophy/services/trop
hy.service.ts:90:21)
      at 
Object.<anonymous> (modul
es/trophy/services/trophy
.service.spec.ts:150:28)

FAIL src/modules/schedule
/helpers/schedule.helpers
.spec.ts
  ÔùÅ Schedule Helpers 
ÔÇ║ isValidTimetable ÔÇ║ 
deber├¡a ser v├ílido 
para datos correctos

    expect(received).toBe
(expected) // Object.is 
equality

    Expected: true
    Received: false

    [0m [90m 17 |[39m 
            }[33m;[39m
     [90m 18 |[39m     
        [36mconst[39m 
result [33m=[39m isVali
dTimetable(timetable)[33
m;[39m
    [31m[1m>[22m[39m
[90m 19 |[39m           
  expect(result[33m.[39
mvalid)[33m.[39mtoBe([
36mtrue[39m)[33m;[39m
     [90m    |[39m     
                         
    [31m[1m^[22m[39m
     [90m 20 |[39m     
    })[33m;[39m
     [90m 21 |[39m
     [90m 22 |[39m     
    it([32m'deber├¡a 
ser inv├ílido si falta in
formaci├│n'[39m[33m,[3
9m () [33m=>[39m {[0m

      at 
Object.<anonymous> (modul
es/schedule/helpers/sched
ule.helpers.spec.ts:19:34
)

Test Suites: 2 failed, 2 
total
Tests:       4 failed, 7 
passed, 11 total
Snapshots:   0 total
Time:        0.85 s, 
estimated 1 s
Ran all test suites 
matching schedule.helpers
.spec.ts|trophy.service.s
pec.ts.
